ARM Linker, RVCT4.0 [Build 728] [Evaluation]

==============================================================================

Section Cross References

    test.o(.text) refers to target.o(.text) for targetInit
    test.o(.text) refers to LPC1100PinCfg.o(.text) for pinInit
    test.o(.text) refers to mcu.o(.text) for uartInit
    test.o(.text) refers to zy_if.o(.text) for zyIsrSet
    mcu.o(.text) refers to aeabi_sdiv.o(.text) for __aeabi_uidivmod
    target.o(.text) refers to zy_if.o(.emb_text) for zyIrqDisable
    target.o(.text) refers to zy_if.o(.text) for zyIfInit
    target.o(.text) refers to vector_table.o(.constdata) for __GpvVectorTable
    vector_table.o(.constdata) refers to __main.o(!!!main) for __main
    vector_table.o(.constdata) refers to target.o(.text) for defaultVectorHandle
    vector_table.o(.constdata) refers to test.o(.text) for penDetectTest
    zy_if.o(.text) refers to zy_if.o(.emb_text) for zyIrqDisable
    zy_if.o(.text) refers to h1_alloc.o(.text) for malloc
    zy_if.o(.text) refers to h1_free.o(.text) for free
    rt_sys_c.o(.text) refers (Special) to use_no_semi.o(.text) for __use_no_semihosting_swi
    rt_sys_c.o(.text) refers to mktime.o(.text) for mktime
    rt_sys_s.o(rt_sys) refers (Special) to use_no_semi.o(.text) for __use_no_semihosting_swi
    rt_sys_s.o(rt_sys) refers to rt_sys_s.o(Heap) for bottom_of_heap
    rt_sys_s.o(Heap) refers (Special) to use_no_semi.o(.text) for __use_no_semihosting_swi
    malloc.o(.text) refers (Special) to hguard.o(.text) for __heap$guard
    malloc.o(.text) refers (Special) to init_alloc.o(.text) for _init_alloc
    malloc.o(.text) refers to rt_heap_descriptor_intlibspace.o(.text) for __rt_heap_descriptor
    free.o(.text) refers (Special) to hguard.o(.text) for __heap$guard
    free.o(.text) refers to rt_heap_descriptor_intlibspace.o(.text) for __rt_heap_descriptor
    h1_alloc.o(.text) refers (Special) to h1_init.o(.text) for __Heap_Initialize
    h1_alloc.o(.text) refers to rt_heap_descriptor_intlibspace.o(.text) for __rt_heap_descriptor
    h1_alloc.o(.text) refers to init_alloc.o(.text) for __Heap_Full
    h1_free.o(.text) refers to rt_heap_descriptor_intlibspace.o(.text) for __rt_heap_descriptor
    h1_alloc_mt.o(.text) refers (Special) to h1_init.o(.text) for __Heap_Initialize
    h1_alloc_mt.o(.text) refers to init_alloc.o(.text) for __Heap_Full
    h1_alloc_mt.o(.text) refers to rt_heap_descriptor_intlibspace.o(.text) for __rt_heap_descriptor
    h1_free_mt.o(.text) refers to rt_heap_descriptor_intlibspace.o(.text) for __rt_heap_descriptor
    heap2.o(i._FDIterate) refers to heap2.o(.constdata) for .constdata
    heap2.o(i.___Heap_ProvideMemory$realtime) refers to fdtree.o(i._FDTree_Delete) for _FDTree_Delete
    heap2.o(i.___Heap_ProvideMemory$realtime) refers to fdtree.o(i._FDTree_Insert) for _FDTree_Insert
    heap2.o(i.___Heap_Stats$realtime) refers to heap2.o(i._Heap2_StatsIterate) for _Heap2_StatsIterate
    heap2.o(i.___Heap_Stats$realtime) refers to aeabi_sdiv.o(.text) for __aeabi_uidivmod
    heap2.o(i.___Heap_Valid$realtime) refers to heap2.o(i._FDIterate) for _FDIterate
    heap2.o(i.___Heap_Valid$realtime) refers to heap2.o(.constdata) for .constdata
    heap2.o(i._free$realtime) refers to rt_heap_descriptor_intlibspace.o(.text) for __rt_heap_descriptor
    heap2.o(i._free$realtime) refers to fdtree.o(i._FDTree_Delete) for _FDTree_Delete
    heap2.o(i._free$realtime) refers to fdtree.o(i._FDTree_Insert) for _FDTree_Insert
    heap2.o(i._malloc$realtime) refers to rt_heap_descriptor_intlibspace.o(.text) for __rt_heap_descriptor
    heap2.o(i._malloc$realtime) refers to fdtree.o(i._FDTree_FindFirst) for _FDTree_FindFirst
    heap2.o(i._malloc$realtime) refers to init_alloc.o(.text) for __Heap_Full
    heap2.o(i._malloc$realtime) refers to fdtree.o(i._FDTree_RemoveNode) for _FDTree_RemoveNode
    heap2.o(i._malloc$realtime) refers to fdtree.o(i._FDTree_Insert) for _FDTree_Insert
    heap2.o(i._realloc$realtime) refers to rt_heap_descriptor_intlibspace.o(.text) for __rt_heap_descriptor
    heap2.o(i._realloc$realtime) refers to h1_free.o(.text) for free
    heap2.o(i._realloc$realtime) refers to h1_alloc.o(.text) for malloc
    heap2.o(i._realloc$realtime) refers to fdtree.o(i._FDTree_Delete) for _FDTree_Delete
    heap2.o(i._realloc$realtime) refers to fdtree.o(i._FDTree_Insert) for _FDTree_Insert
    heap2.o(i._realloc$realtime) refers to rt_memcpy.o(.emb_text) for __aeabi_memcpy4
    heap2mt.o(i._FDIterate) refers to heap2mt.o(.constdata) for .constdata
    heap2mt.o(i.___Heap_ProvideMemory$realtime$concurrent) refers to fdtree.o(i._FDTree_Delete) for _FDTree_Delete
    heap2mt.o(i.___Heap_ProvideMemory$realtime$concurrent) refers to fdtree.o(i._FDTree_Insert) for _FDTree_Insert
    heap2mt.o(i.___Heap_Stats$realtime$concurrent) refers to heap2mt.o(i._Heap2_StatsIterate) for _Heap2_StatsIterate
    heap2mt.o(i.___Heap_Stats$realtime$concurrent) refers to aeabi_sdiv.o(.text) for __aeabi_uidivmod
    heap2mt.o(i.___Heap_Valid$realtime$concurrent) refers to heap2mt.o(i._FDIterate) for _FDIterate
    heap2mt.o(i.___Heap_Valid$realtime$concurrent) refers to heap2mt.o(.constdata) for .constdata
    heap2mt.o(i._free$realtime$concurrent) refers to rt_heap_descriptor_intlibspace.o(.text) for __rt_heap_descriptor
    heap2mt.o(i._free$realtime$concurrent) refers to fdtree.o(i._FDTree_Delete) for _FDTree_Delete
    heap2mt.o(i._free$realtime$concurrent) refers to fdtree.o(i._FDTree_Insert) for _FDTree_Insert
    heap2mt.o(i._malloc$realtime$concurrent) refers to rt_heap_descriptor_intlibspace.o(.text) for __rt_heap_descriptor
    heap2mt.o(i._malloc$realtime$concurrent) refers to fdtree.o(i._FDTree_FindFirst) for _FDTree_FindFirst
    heap2mt.o(i._malloc$realtime$concurrent) refers to init_alloc.o(.text) for __Heap_Full
    heap2mt.o(i._malloc$realtime$concurrent) refers to fdtree.o(i._FDTree_RemoveNode) for _FDTree_RemoveNode
    heap2mt.o(i._malloc$realtime$concurrent) refers to fdtree.o(i._FDTree_Insert) for _FDTree_Insert
    heap2mt.o(i._realloc$realtime$concurrent) refers to rt_heap_descriptor_intlibspace.o(.text) for __rt_heap_descriptor
    heap2mt.o(i._realloc$realtime$concurrent) refers to h1_free.o(.text) for free
    heap2mt.o(i._realloc$realtime$concurrent) refers to h1_alloc.o(.text) for malloc
    heap2mt.o(i._realloc$realtime$concurrent) refers to fdtree.o(i._FDTree_Delete) for _FDTree_Delete
    heap2mt.o(i._realloc$realtime$concurrent) refers to fdtree.o(i._FDTree_Insert) for _FDTree_Insert
    heap2mt.o(i._realloc$realtime$concurrent) refers to rt_memcpy.o(.emb_text) for __aeabi_memcpy4
    mktime.o(.text) refers to aeabi_sdiv.o(.text) for __aeabi_idivmod
    mktime.o(.text) refers to _monlen.o(.constdata) for _monlen
    __main.o(!!!main) refers to rtentry.o(.ARM.Collect$$rtentry$$00000000) for __rt_entry
    rtentry.o(.ARM.Collect$$rtentry$$00000000) refers (Special) to rtentry2.o(.ARM.Collect$$rtentry$$0000000A) for __rt_entry_li
    rtentry.o(.ARM.Collect$$rtentry$$00000000) refers (Special) to rtentry2.o(.ARM.Collect$$rtentry$$0000000D) for __rt_entry_main
    rtentry.o(.ARM.Collect$$rtentry$$00000000) refers (Special) to rtentry2.o(.ARM.Collect$$rtentry$$0000000C) for __rt_entry_postli_1
    rtentry.o(.ARM.Collect$$rtentry$$00000000) refers (Special) to rtentry2.o(.ARM.Collect$$rtentry$$00000009) for __rt_entry_postsh_1
    rtentry.o(.ARM.Collect$$rtentry$$00000000) refers (Special) to rtentry2.o(.ARM.Collect$$rtentry$$00000002) for __rt_entry_presh_1
    rtentry.o(.ARM.Collect$$rtentry$$00000000) refers (Special) to rtentry4.o(.ARM.Collect$$rtentry$$00000004) for __rt_entry_sh
    rtentry.o(.ARM.exidx) refers (Special) to rtentry2.o(.ARM.Collect$$rtentry$$0000000A) for __rt_entry_li
    rtentry.o(.ARM.exidx) refers (Special) to rtentry2.o(.ARM.Collect$$rtentry$$0000000D) for __rt_entry_main
    rtentry.o(.ARM.exidx) refers (Special) to rtentry2.o(.ARM.Collect$$rtentry$$0000000C) for __rt_entry_postli_1
    rtentry.o(.ARM.exidx) refers (Special) to rtentry2.o(.ARM.Collect$$rtentry$$00000009) for __rt_entry_postsh_1
    rtentry.o(.ARM.exidx) refers (Special) to rtentry2.o(.ARM.Collect$$rtentry$$00000002) for __rt_entry_presh_1
    rtentry.o(.ARM.exidx) refers (Special) to rtentry4.o(.ARM.Collect$$rtentry$$00000004) for __rt_entry_sh
    rtentry.o(.ARM.exidx) refers to rtentry.o(.ARM.Collect$$rtentry$$00000000) for .ARM.Collect$$rtentry$$00000000
    aeabi_idiv0_sigfpe.o(.text) refers to rt_div0.o(.text) for __rt_div0
    rt_heap_descriptor.o(.text) refers to rt_heap_descriptor.o(.bss) for __rt_heap_descriptor_data
    rt_heap_descriptor_intlibspace.o(.text) refers to libspace.o(.bss) for __libspace_start
    init_alloc.o(.text) refers (Special) to hguard.o(.text) for __heap$guard
    init_alloc.o(.text) refers (Special) to libinit2.o(.ARM.Collect$$libinit$$00000001) for __rt_lib_init_heap_2
    init_alloc.o(.text) refers (Special) to maybetermalloc1.o(.emb_text) for _maybe_terminate_alloc
    init_alloc.o(.text) refers to heapauxa.o(.text) for __rt_heap_expand
    init_alloc.o(.text) refers to h1_extend.o(.text) for __Heap_ProvideMemory
    init_alloc.o(.text) refers to defsig_rtmem_outer.o(.text) for __rt_SIGRTMEM
    init_alloc.o(.text) refers to rt_heap_descriptor_intlibspace.o(.text) for __rt_heap_descriptor
    init_alloc.o(.text) refers to h1_init.o(.text) for __Heap_Initialize
    rt_memcpy.o(.text) refers to rt_memcpy.o(.emb_text) for __aeabi_memcpy4
    _get_argv.o(.text) refers (Special) to hrguard.o(.text) for __heap_region$guard
    _get_argv.o(.text) refers to h1_alloc.o(.text) for malloc
    _get_argv.o(.text) refers to defsig_rtmem_outer.o(.text) for __rt_SIGRTMEM
    _get_argv.o(.text) refers to rt_sys_c.o(.text) for _sys_command_string
    libinit2.o(.ARM.Collect$$libinit$$00000001) refers (Weak) to init_alloc.o(.text) for _init_alloc
    libinit2.o(.ARM.Collect$$libinit$$0000000C) refers to libinit2.o(.ARM.Collect$$libinit$$0000000B) for .ARM.Collect$$libinit$$0000000B
    libinit2.o(.ARM.Collect$$libinit$$0000000E) refers to libinit2.o(.ARM.Collect$$libinit$$0000000B) for .ARM.Collect$$libinit$$0000000B
    libinit2.o(.ARM.Collect$$libinit$$00000010) refers to libinit2.o(.ARM.Collect$$libinit$$0000000B) for .ARM.Collect$$libinit$$0000000B
    libinit2.o(.ARM.Collect$$libinit$$00000012) refers to libinit2.o(.ARM.Collect$$libinit$$0000000B) for .ARM.Collect$$libinit$$0000000B
    libinit2.o(.ARM.Collect$$libinit$$00000014) refers to libinit2.o(.ARM.Collect$$libinit$$0000000B) for .ARM.Collect$$libinit$$0000000B
    libinit2.o(.ARM.Collect$$libinit$$00000022) refers to argv_veneer.o(.text) for __ARM_argv_veneer
    libinit2.o(.ARM.Collect$$libinit$$00000023) refers to argv_veneer.o(.text) for __ARM_argv_veneer
    libspace.o(.text) refers to libspace.o(.bss) for __libspace_start
    rtentry2.o(.ARM.Collect$$rtentry$$00000008) refers to boardinit2.o(.text) for _platform_post_stackheap_init
    rtentry2.o(.ARM.Collect$$rtentry$$0000000A) refers to libinit.o(.ARM.Collect$$libinit$$00000000) for __rt_lib_init
    rtentry2.o(.ARM.Collect$$rtentry$$0000000B) refers to boardinit3.o(.text) for _platform_post_lib_init
    rtentry2.o(.ARM.Collect$$rtentry$$0000000D) refers to test.o(.text) for main
    rtentry2.o(.ARM.Collect$$rtentry$$0000000D) refers to exit.o(.text) for exit
    rtentry2.o(.ARM.exidx) refers to rtentry2.o(.ARM.Collect$$rtentry$$00000001) for .ARM.Collect$$rtentry$$00000001
    rtentry2.o(.ARM.exidx) refers to rtentry2.o(.ARM.Collect$$rtentry$$00000002) for .ARM.Collect$$rtentry$$00000002
    rtentry2.o(.ARM.exidx) refers to rtentry2.o(.ARM.Collect$$rtentry$$00000008) for .ARM.Collect$$rtentry$$00000008
    rtentry2.o(.ARM.exidx) refers to rtentry2.o(.ARM.Collect$$rtentry$$00000009) for .ARM.Collect$$rtentry$$00000009
    rtentry2.o(.ARM.exidx) refers to rtentry2.o(.ARM.Collect$$rtentry$$0000000A) for .ARM.Collect$$rtentry$$0000000A
    rtentry2.o(.ARM.exidx) refers to rtentry2.o(.ARM.Collect$$rtentry$$0000000B) for .ARM.Collect$$rtentry$$0000000B
    rtentry2.o(.ARM.exidx) refers to rtentry2.o(.ARM.Collect$$rtentry$$0000000C) for .ARM.Collect$$rtentry$$0000000C
    rtentry2.o(.ARM.exidx) refers to rtentry2.o(.ARM.Collect$$rtentry$$0000000D) for .ARM.Collect$$rtentry$$0000000D
    rtentry4.o(.ARM.Collect$$rtentry$$00000004) refers to sys_stackheap_outer.o(.text) for __user_setup_stackheap
    rtentry4.o(.ARM.exidx) refers to rtentry4.o(.ARM.Collect$$rtentry$$00000004) for .ARM.Collect$$rtentry$$00000004
    rt_div0.o(.text) refers to defsig_fpe_outer.o(.text) for __rt_SIGFPE
    maybetermalloc2.o(.emb_text) refers to term_alloc.o(.text) for _terminate_alloc
    h1_extend.o(.text) refers to h1_free.o(.text) for free
    h1_extend_mt.o(.text) refers to h1_free_mt.o(.text) for _free_internal
    defsig_rtmem_outer.o(.text) refers to defsig_rtmem_inner.o(.text) for __rt_SIGRTMEM_inner
    defsig_rtmem_outer.o(.text) refers to defsig_exit.o(.text) for __sig_exit
    defsig_rtmem_formal.o(.text) refers to rt_raise.o(.text) for __rt_raise
    heapauxa.o(.text) refers to heapauxa.o(.data) for .data
    sys_stackheap_outer.o(.text) refers to libspace.o(.text) for __user_perproc_libspace
    sys_stackheap_outer.o(.text) refers to rt_sys_s.o(rt_sys) for __user_initial_stackheap
    sys_stackheap_outer.o(__vectab_stack_and_reset_area) refers to tempstk.o(.text) for __temporary_stack_top
    sys_stackheap_outer.o(__vectab_stack_and_reset_area) refers to __main.o(!!!main) for __main
    rt_raise.o(.text) refers to __raise.o(.text) for __raise
    rt_raise.o(.text) refers to rt_sys_c.o(.text) for _sys_exit
    term_alloc.o(.text) refers (Special) to libshutdown2.o(.ARM.Collect$$libshutdown$$0000000D) for __rt_lib_shutdown_heap_2
    term_alloc.o(.text) refers to rt_heap_descriptor_intlibspace.o(.text) for __rt_heap_descriptor
    exit.o(.text) refers to rtexit.o(.ARM.Collect$$rtexit$$00000000) for __rt_exit
    defsig_exit.o(.text) refers to rt_sys_c.o(.text) for _sys_exit
    defsig_fpe_outer.o(.text) refers to defsig_fpe_inner.o(.text) for __rt_SIGFPE_inner
    defsig_fpe_outer.o(.text) refers to defsig_exit.o(.text) for __sig_exit
    defsig_fpe_formal.o(.text) refers to rt_raise.o(.text) for __rt_raise
    defsig_rtmem_inner.o(.text) refers to defsig_general.o(.text) for __default_signal_display
    _get_argv_nomalloc.o(.text) refers (Special) to hrguard.o(.text) for __heap_region$guard
    _get_argv_nomalloc.o(.text) refers to defsig_rtmem_outer.o(.text) for __rt_SIGRTMEM
    _get_argv_nomalloc.o(.text) refers to rt_sys_c.o(.text) for _sys_command_string
    libinit.o(.ARM.Collect$$libinit$$00000000) refers (Special) to libinit2.o(.ARM.Collect$$libinit$$0000002A) for __rt_lib_init_alloca_1
    libinit.o(.ARM.Collect$$libinit$$00000000) refers (Special) to libinit2.o(.ARM.Collect$$libinit$$00000028) for __rt_lib_init_argv_1
    libinit.o(.ARM.Collect$$libinit$$00000000) refers (Special) to libinit2.o(.ARM.Collect$$libinit$$00000017) for __rt_lib_init_atexit_1
    libinit.o(.ARM.Collect$$libinit$$00000000) refers (Special) to libinit2.o(.ARM.Collect$$libinit$$0000001D) for __rt_lib_init_clock_1
    libinit.o(.ARM.Collect$$libinit$$00000000) refers (Special) to libinit2.o(.ARM.Collect$$libinit$$0000002E) for __rt_lib_init_cpp_1
    libinit.o(.ARM.Collect$$libinit$$00000000) refers (Special) to libinit2.o(.ARM.Collect$$libinit$$0000002C) for __rt_lib_init_exceptions_1
    libinit.o(.ARM.Collect$$libinit$$00000000) refers (Special) to libinit2.o(.ARM.Collect$$libinit$$0000001B) for __rt_lib_init_fp_trap_1
    libinit.o(.ARM.Collect$$libinit$$00000000) refers (Special) to libinit2.o(.ARM.Collect$$libinit$$0000001F) for __rt_lib_init_getenv_1
    libinit.o(.ARM.Collect$$libinit$$00000000) refers (Special) to libinit2.o(.ARM.Collect$$libinit$$00000006) for __rt_lib_init_heap_1
    libinit.o(.ARM.Collect$$libinit$$00000000) refers (Special) to libinit2.o(.ARM.Collect$$libinit$$0000000D) for __rt_lib_init_lc_collate_1
    libinit.o(.ARM.Collect$$libinit$$00000000) refers (Special) to libinit2.o(.ARM.Collect$$libinit$$0000000F) for __rt_lib_init_lc_ctype_1
    libinit.o(.ARM.Collect$$libinit$$00000000) refers (Special) to libinit2.o(.ARM.Collect$$libinit$$00000011) for __rt_lib_init_lc_monetary_1
    libinit.o(.ARM.Collect$$libinit$$00000000) refers (Special) to libinit2.o(.ARM.Collect$$libinit$$00000013) for __rt_lib_init_lc_numeric_1
    libinit.o(.ARM.Collect$$libinit$$00000000) refers (Special) to libinit2.o(.ARM.Collect$$libinit$$00000015) for __rt_lib_init_lc_time_1
    libinit.o(.ARM.Collect$$libinit$$00000000) refers (Special) to libinit2.o(.ARM.Collect$$libinit$$0000000A) for __rt_lib_init_rand_1
    libinit.o(.ARM.Collect$$libinit$$00000000) refers (Special) to libinit2.o(.ARM.Collect$$libinit$$0000002F) for __rt_lib_init_return
    libinit.o(.ARM.Collect$$libinit$$00000000) refers (Special) to libinit2.o(.ARM.Collect$$libinit$$00000019) for __rt_lib_init_signal_1
    libinit.o(.ARM.Collect$$libinit$$00000000) refers (Special) to libinit2.o(.ARM.Collect$$libinit$$00000021) for __rt_lib_init_stdio_1
    libinit.o(.ARM.Collect$$libinit$$00000000) refers (Special) to libinit2.o(.ARM.Collect$$libinit$$00000008) for __rt_lib_init_user_alloc_1
    rtexit.o(.ARM.Collect$$rtexit$$00000000) refers (Special) to rtexit2.o(.ARM.Collect$$rtexit$$00000004) for __rt_exit_exit
    rtexit.o(.ARM.Collect$$rtexit$$00000000) refers (Special) to rtexit2.o(.ARM.Collect$$rtexit$$00000003) for __rt_exit_ls
    rtexit.o(.ARM.Collect$$rtexit$$00000000) refers (Special) to rtexit2.o(.ARM.Collect$$rtexit$$00000002) for __rt_exit_prels_1
    rtexit.o(.ARM.exidx) refers (Special) to rtexit2.o(.ARM.Collect$$rtexit$$00000004) for __rt_exit_exit
    rtexit.o(.ARM.exidx) refers (Special) to rtexit2.o(.ARM.Collect$$rtexit$$00000003) for __rt_exit_ls
    rtexit.o(.ARM.exidx) refers (Special) to rtexit2.o(.ARM.Collect$$rtexit$$00000002) for __rt_exit_prels_1
    rtexit.o(.ARM.exidx) refers to rtexit.o(.ARM.Collect$$rtexit$$00000000) for .ARM.Collect$$rtexit$$00000000
    __raise.o(.text) refers to defsig.o(CL$$defsig) for __default_signal_handler
    defsig_general.o(.text) refers to rt_sys_c.o(.text) for _ttywrch
    defsig_fpe_inner.o(.text) refers to defsig_general.o(.text) for __default_signal_display
    libshutdown2.o(.ARM.Collect$$libshutdown$$0000000C) refers (Weak) to term_alloc.o(.text) for _terminate_alloc
    rtexit2.o(.ARM.Collect$$rtexit$$00000003) refers to libshutdown.o(.ARM.Collect$$libshutdown$$00000000) for __rt_lib_shutdown
    rtexit2.o(.ARM.Collect$$rtexit$$00000004) refers to rt_sys_c.o(.text) for _sys_exit
    rtexit2.o(.ARM.exidx) refers to rtexit2.o(.ARM.Collect$$rtexit$$00000001) for .ARM.Collect$$rtexit$$00000001
    rtexit2.o(.ARM.exidx) refers to rtexit2.o(.ARM.Collect$$rtexit$$00000002) for .ARM.Collect$$rtexit$$00000002
    rtexit2.o(.ARM.exidx) refers to rtexit2.o(.ARM.Collect$$rtexit$$00000003) for .ARM.Collect$$rtexit$$00000003
    rtexit2.o(.ARM.exidx) refers to rtexit2.o(.ARM.Collect$$rtexit$$00000004) for .ARM.Collect$$rtexit$$00000004
    defsig.o(CL$$defsig) refers to defsig_fpe_inner.o(.text) for __rt_SIGFPE_inner
    defsig.o(CL$$defsig) refers to defsig_rtmem_inner.o(.text) for __rt_SIGRTMEM_inner
    defsig_abrt_inner.o(.text) refers to defsig_general.o(.text) for __default_signal_display
    defsig_rtred_inner.o(.text) refers to defsig_general.o(.text) for __default_signal_display
    defsig_stak_inner.o(.text) refers to defsig_general.o(.text) for __default_signal_display
    defsig_pvfn_inner.o(.text) refers to defsig_general.o(.text) for __default_signal_display
    defsig_cppl_inner.o(.text) refers to defsig_general.o(.text) for __default_signal_display
    defsig_segv_inner.o(.text) refers to defsig_general.o(.text) for __default_signal_display
    defsig_other.o(.text) refers to defsig_general.o(.text) for __default_signal_display
    libshutdown.o(.ARM.Collect$$libshutdown$$00000000) refers (Special) to libshutdown2.o(.ARM.Collect$$libshutdown$$00000006) for __rt_lib_shutdown_fp_trap_1
    libshutdown.o(.ARM.Collect$$libshutdown$$00000000) refers (Special) to libshutdown2.o(.ARM.Collect$$libshutdown$$0000000E) for __rt_lib_shutdown_heap_1
    libshutdown.o(.ARM.Collect$$libshutdown$$00000000) refers (Special) to libshutdown2.o(.ARM.Collect$$libshutdown$$0000000F) for __rt_lib_shutdown_return
    libshutdown.o(.ARM.Collect$$libshutdown$$00000000) refers (Special) to libshutdown2.o(.ARM.Collect$$libshutdown$$00000009) for __rt_lib_shutdown_signal_1
    libshutdown.o(.ARM.Collect$$libshutdown$$00000000) refers (Special) to libshutdown2.o(.ARM.Collect$$libshutdown$$00000003) for __rt_lib_shutdown_stdio_1
    libshutdown.o(.ARM.Collect$$libshutdown$$00000000) refers (Special) to libshutdown2.o(.ARM.Collect$$libshutdown$$0000000B) for __rt_lib_shutdown_user_alloc_1


==============================================================================

Removing Unused input sections from the image.

    Removing test.o(.bss), (20 bytes).

1 unused section(s) (total 20 bytes) removed from the image.

==============================================================================

Image Symbol Table

    Local Symbols

    Symbol Name                              Value     Ov Type        Size  Object(Section)

    .constdata                               0x00000000   Section      292  vector_table.o(.constdata)
    ../../angel/boardlib.s                   0x00000000   Number         0  boardinit3.o ABSOLUTE
    ../../angel/boardlib.s                   0x00000000   Number         0  boardinit2.o ABSOLUTE
    ../../angel/boardlib.s                   0x00000000   Number         0  boardinit1.o ABSOLUTE
    ../../angel/boardlib.s                   0x00000000   Number         0  boardshut.o ABSOLUTE
    ../../angel/handlers.s                   0x00000000   Number         0  __scatter_zi.o ABSOLUTE
    ../../angel/handlers.s                   0x00000000   Number         0  __scatter_copy.o ABSOLUTE
    ../../angel/kernel.s                     0x00000000   Number         0  rtentry.o ABSOLUTE
    ../../angel/kernel.s                     0x00000000   Number         0  rtentry4.o ABSOLUTE
    ../../angel/kernel.s                     0x00000000   Number         0  rtentry2.o ABSOLUTE
    ../../angel/kernel.s                     0x00000000   Number         0  rtexit2.o ABSOLUTE
    ../../angel/kernel.s                     0x00000000   Number         0  rtexit.o ABSOLUTE
    ../../angel/rt.s                         0x00000000   Number         0  rt_raise.o ABSOLUTE
    ../../angel/rt.s                         0x00000000   Number         0  rt_div0.o ABSOLUTE
    ../../angel/rt.s                         0x00000000   Number         0  aeabi_idiv0.o ABSOLUTE
    ../../angel/rt.s                         0x00000000   Number         0  aeabi_idiv0_sigfpe.o ABSOLUTE
    ../../angel/rt.s                         0x00000000   Number         0  rt_heap_descriptor.o ABSOLUTE
    ../../angel/rt.s                         0x00000000   Number         0  rt_heap_descriptor_intlibspace.o ABSOLUTE
    ../../angel/scatterp.s                   0x00000000   Number         0  __scatter.o ABSOLUTE
    ../../angel/startup.s                    0x00000000   Number         0  __main.o ABSOLUTE
    ../../angel/sys.s                        0x00000000   Number         0  sys_stackheap_outer.o ABSOLUTE
    ../../angel/sys.s                        0x00000000   Number         0  libspace.o ABSOLUTE
    ../../angel/sys.s                        0x00000000   Number         0  mutex_dummy.o ABSOLUTE
    ../../angel/sys.s                        0x00000000   Number         0  use_no_semi.o ABSOLUTE
    ../../angel/sys.s                        0x00000000   Number         0  tempstk.o ABSOLUTE
    ../../armsys.c                           0x00000000   Number         0  argv_veneer.o ABSOLUTE
    ../../armsys.c                           0x00000000   Number         0  _get_argv.o ABSOLUTE
    ../../armsys.c                           0x00000000   Number         0  no_argv.o ABSOLUTE
    ../../armsys.c                           0x00000000   Number         0  _get_argv_nomalloc.o ABSOLUTE
    ../../cfplib/fpinit.c                    0x00000000   Number         0  fpinit.o ABSOLUTE
    ../../division.s                         0x00000000   Number         0  aeabi_sdiv.o ABSOLUTE
    ../../division.s                         0x00000000   Number         0  aeabi_sdiv_div0.o ABSOLUTE
    ../../heap1.c                            0x00000000   Number         0  h1_extend.o ABSOLUTE
    ../../heap1.c                            0x00000000   Number         0  h1_final_mt.o ABSOLUTE
    ../../heap1.c                            0x00000000   Number         0  h1_free.o ABSOLUTE
    ../../heap1.c                            0x00000000   Number         0  h1_init_mt.o ABSOLUTE
    ../../heap1.c                            0x00000000   Number         0  h1_alloc.o ABSOLUTE
    ../../heap1.c                            0x00000000   Number         0  h1_final.o ABSOLUTE
    ../../heap1.c                            0x00000000   Number         0  h1_init.o ABSOLUTE
    ../../heap1.c                            0x00000000   Number         0  h1_alloc_mt.o ABSOLUTE
    ../../heap1.c                            0x00000000   Number         0  h1_free_mt.o ABSOLUTE
    ../../heap1.c                            0x00000000   Number         0  h1_extend_mt.o ABSOLUTE
    ../../heap2.c                            0x00000000   Number         0  heap2mt.o ABSOLUTE
    ../../heap2.c                            0x00000000   Number         0  heap2.o ABSOLUTE
    ../../heap2.c                            0x00000000   Number         0  fdtree.o ABSOLUTE
    ../../heapalloc.c                        0x00000000   Number         0  heapstubs.o ABSOLUTE
    ../../heapalloc.c                        0x00000000   Number         0  init_alloc.o ABSOLUTE
    ../../heapalloc.c                        0x00000000   Number         0  maybetermalloc1.o ABSOLUTE
    ../../heapalloc.c                        0x00000000   Number         0  hguard.o ABSOLUTE
    ../../heapalloc.c                        0x00000000   Number         0  malloc.o ABSOLUTE
    ../../heapalloc.c                        0x00000000   Number         0  free.o ABSOLUTE
    ../../heapalloc.c                        0x00000000   Number         0  maybetermalloc1.o ABSOLUTE
    ../../heapalloc.c                        0x00000000   Number         0  hrguard.o ABSOLUTE
    ../../heapalloc.c                        0x00000000   Number         0  maybetermalloc2.o ABSOLUTE
    ../../heapalloc.c                        0x00000000   Number         0  maybetermalloc2.o ABSOLUTE
    ../../heapalloc.c                        0x00000000   Number         0  term_alloc.o ABSOLUTE
    ../../heapaux.c                          0x00000000   Number         0  heapauxi.o ABSOLUTE
    ../../heapaux.c                          0x00000000   Number         0  heapauxa.o ABSOLUTE
    ../../libinit.s                          0x00000000   Number         0  libshutdown.o ABSOLUTE
    ../../libinit.s                          0x00000000   Number         0  libshutdown2.o ABSOLUTE
    ../../libinit.s                          0x00000000   Number         0  libinit2.o ABSOLUTE
    ../../libinit.s                          0x00000000   Number         0  libinit.o ABSOLUTE
    ../../memcpset.c                         0x00000000   Number         0  rt_memcpy.o ABSOLUTE
    ../../memcpset.c                         0x00000000   Number         0  rt_memcpy.o ABSOLUTE
    ../../signal.c                           0x00000000   Number         0  defsig_fpe_inner.o ABSOLUTE
    ../../signal.c                           0x00000000   Number         0  defsig_general.o ABSOLUTE
    ../../signal.c                           0x00000000   Number         0  __raise.o ABSOLUTE
    ../../signal.c                           0x00000000   Number         0  defsig_other.o ABSOLUTE
    ../../signal.c                           0x00000000   Number         0  defsig_rtmem_inner.o ABSOLUTE
    ../../signal.c                           0x00000000   Number         0  defsig_fpe_formal.o ABSOLUTE
    ../../signal.c                           0x00000000   Number         0  defsig_fpe_outer.o ABSOLUTE
    ../../signal.c                           0x00000000   Number         0  defsig_exit.o ABSOLUTE
    ../../signal.c                           0x00000000   Number         0  defsig_rtred_inner.o ABSOLUTE
    ../../signal.c                           0x00000000   Number         0  defsig_segv_inner.o ABSOLUTE
    ../../signal.c                           0x00000000   Number         0  defsig_pvfn_inner.o ABSOLUTE
    ../../signal.c                           0x00000000   Number         0  defsig_stak_inner.o ABSOLUTE
    ../../signal.c                           0x00000000   Number         0  defsig_rtmem_formal.o ABSOLUTE
    ../../signal.c                           0x00000000   Number         0  defsig_rtmem_outer.o ABSOLUTE
    ../../signal.c                           0x00000000   Number         0  defsig_abrt_inner.o ABSOLUTE
    ../../signal.c                           0x00000000   Number         0  defsig_cppl_inner.o ABSOLUTE
    ../../signal.s                           0x00000000   Number         0  defsig.o ABSOLUTE
    ../../stdlib.c                           0x00000000   Number         0  exit.o ABSOLUTE
    ../../time.c                             0x00000000   Number         0  _monlen.o ABSOLUTE
    ../../time.c                             0x00000000   Number         0  mktime.o ABSOLUTE
    .\USER_CODE\mcu.c                        0x00000000   Number         0  mcu.o ABSOLUTE
    .\USER_CODE\test.c                       0x00000000   Number         0  test.o ABSOLUTE
    .\ZY_CODE\Startup\LPC1100PinCfg.c        0x00000000   Number         0  LPC1100PinCfg.o ABSOLUTE
    .\ZY_CODE\Startup\target.c               0x00000000   Number         0  target.o ABSOLUTE
    .\ZY_CODE\Startup\vector_table.c         0x00000000   Number         0  vector_table.o ABSOLUTE
    .\ZY_CODE\zy_if\zy_if.c                  0x00000000   Number         0  zy_if.o ABSOLUTE
    .\\ZY_CODE\\zy_if\\zy_if.c               0x00000000   Number         0  zy_if.o ABSOLUTE
    .\cfg_file\Startup\rt_sys_c.c            0x00000000   Number         0  rt_sys_c.o ABSOLUTE
    .\cfg_file\Startup\rt_sys_s.s            0x00000000   Number         0  rt_sys_s.o ABSOLUTE
    dc.s                                     0x00000000   Number         0  dc.o ABSOLUTE
    !!!main                                  0x00000400   Section        8  __main.o(!!!main)
    !!!scatter                               0x00000408   Section       60  __scatter.o(!!!scatter)
    !!handler_copy                           0x00000444   Section       26  __scatter_copy.o(!!handler_copy)
    !!handler_zi                             0x00000460   Section       28  __scatter_zi.o(!!handler_zi)
    .ARM.Collect$$libinit$$00000000          0x0000047c   Section        6  libinit.o(.ARM.Collect$$libinit$$00000000)
    .ARM.Collect$$libinit$$00000001          0x00000482   Section        8  libinit2.o(.ARM.Collect$$libinit$$00000001)
    .ARM.Collect$$libinit$$00000006          0x0000048a   Section        0  libinit2.o(.ARM.Collect$$libinit$$00000006)
    .ARM.Collect$$libinit$$00000008          0x0000048a   Section        0  libinit2.o(.ARM.Collect$$libinit$$00000008)
    .ARM.Collect$$libinit$$0000000A          0x0000048a   Section        0  libinit2.o(.ARM.Collect$$libinit$$0000000A)
    .ARM.Collect$$libinit$$0000000D          0x0000048a   Section        0  libinit2.o(.ARM.Collect$$libinit$$0000000D)
    .ARM.Collect$$libinit$$0000000F          0x0000048a   Section        0  libinit2.o(.ARM.Collect$$libinit$$0000000F)
    .ARM.Collect$$libinit$$00000011          0x0000048a   Section        0  libinit2.o(.ARM.Collect$$libinit$$00000011)
    .ARM.Collect$$libinit$$00000013          0x0000048a   Section        0  libinit2.o(.ARM.Collect$$libinit$$00000013)
    .ARM.Collect$$libinit$$00000015          0x0000048a   Section        0  libinit2.o(.ARM.Collect$$libinit$$00000015)
    .ARM.Collect$$libinit$$00000017          0x0000048a   Section        0  libinit2.o(.ARM.Collect$$libinit$$00000017)
    .ARM.Collect$$libinit$$00000019          0x0000048a   Section        0  libinit2.o(.ARM.Collect$$libinit$$00000019)
    .ARM.Collect$$libinit$$0000001B          0x0000048a   Section        0  libinit2.o(.ARM.Collect$$libinit$$0000001B)
    .ARM.Collect$$libinit$$0000001D          0x0000048a   Section        0  libinit2.o(.ARM.Collect$$libinit$$0000001D)
    .ARM.Collect$$libinit$$0000001F          0x0000048a   Section        0  libinit2.o(.ARM.Collect$$libinit$$0000001F)
    .ARM.Collect$$libinit$$00000021          0x0000048a   Section        0  libinit2.o(.ARM.Collect$$libinit$$00000021)
    .ARM.Collect$$libinit$$00000028          0x0000048a   Section        0  libinit2.o(.ARM.Collect$$libinit$$00000028)
    .ARM.Collect$$libinit$$0000002A          0x0000048a   Section        0  libinit2.o(.ARM.Collect$$libinit$$0000002A)
    .ARM.Collect$$libinit$$0000002C          0x0000048a   Section        0  libinit2.o(.ARM.Collect$$libinit$$0000002C)
    .ARM.Collect$$libinit$$0000002E          0x0000048a   Section        0  libinit2.o(.ARM.Collect$$libinit$$0000002E)
    .ARM.Collect$$libinit$$0000002F          0x0000048a   Section        2  libinit2.o(.ARM.Collect$$libinit$$0000002F)
    .ARM.Collect$$libshutdown$$00000000      0x0000048c   Section        2  libshutdown.o(.ARM.Collect$$libshutdown$$00000000)
    .ARM.Collect$$libshutdown$$00000003      0x0000048e   Section        0  libshutdown2.o(.ARM.Collect$$libshutdown$$00000003)
    .ARM.Collect$$libshutdown$$00000006      0x0000048e   Section        0  libshutdown2.o(.ARM.Collect$$libshutdown$$00000006)
    .ARM.Collect$$libshutdown$$00000009      0x0000048e   Section        0  libshutdown2.o(.ARM.Collect$$libshutdown$$00000009)
    .ARM.Collect$$libshutdown$$0000000B      0x0000048e   Section        0  libshutdown2.o(.ARM.Collect$$libshutdown$$0000000B)
    .ARM.Collect$$libshutdown$$0000000E      0x0000048e   Section        0  libshutdown2.o(.ARM.Collect$$libshutdown$$0000000E)
    .ARM.Collect$$libshutdown$$0000000F      0x0000048e   Section        2  libshutdown2.o(.ARM.Collect$$libshutdown$$0000000F)
    .ARM.Collect$$rtentry$$00000000          0x00000490   Section        0  rtentry.o(.ARM.Collect$$rtentry$$00000000)
    .ARM.Collect$$rtentry$$00000002          0x00000490   Section        0  rtentry2.o(.ARM.Collect$$rtentry$$00000002)
    .ARM.Collect$$rtentry$$00000004          0x00000490   Section        6  rtentry4.o(.ARM.Collect$$rtentry$$00000004)
    .ARM.Collect$$rtentry$$00000009          0x00000496   Section        0  rtentry2.o(.ARM.Collect$$rtentry$$00000009)
    .ARM.Collect$$rtentry$$0000000A          0x00000496   Section        4  rtentry2.o(.ARM.Collect$$rtentry$$0000000A)
    .ARM.Collect$$rtentry$$0000000C          0x0000049a   Section        0  rtentry2.o(.ARM.Collect$$rtentry$$0000000C)
    .ARM.Collect$$rtentry$$0000000D          0x0000049a   Section        8  rtentry2.o(.ARM.Collect$$rtentry$$0000000D)
    .ARM.Collect$$rtexit$$00000000           0x000004a2   Section        2  rtexit.o(.ARM.Collect$$rtexit$$00000000)
    .ARM.Collect$$rtexit$$00000002           0x000004a4   Section        0  rtexit2.o(.ARM.Collect$$rtexit$$00000002)
    .ARM.Collect$$rtexit$$00000003           0x000004a4   Section        4  rtexit2.o(.ARM.Collect$$rtexit$$00000003)
    .ARM.Collect$$rtexit$$00000004           0x000004a8   Section        6  rtexit2.o(.ARM.Collect$$rtexit$$00000004)
    .emb_text                                0x000004b0   Section       12  zy_if.o(.emb_text)
    .emb_text                                0x000004bc   Section        0  maybetermalloc1.o(.emb_text)
    .text                                    0x000004bc   Section        0  test.o(.text)
    .text                                    0x0000057c   Section        0  mcu.o(.text)
    .text                                    0x00000768   Section        0  LPC1100PinCfg.o(.text)
    .text                                    0x00000804   Section        0  target.o(.text)
    .text                                    0x000008d8   Section        0  zy_if.o(.text)
    .text                                    0x00000c00   Section        0  rt_sys_c.o(.text)
    .text                                    0x00000c88   Section        2  use_no_semi.o(.text)
    .text                                    0x00000c8a   Section        0  h1_alloc.o(.text)
    .text                                    0x00000cf0   Section        0  h1_free.o(.text)
    .text                                    0x00000d3c   Section        0  mktime.o(.text)
    _tm_carry                                0x00000d3d   Thumb Code    58  mktime.o(.text)
    .text                                    0x00000ed8   Section      346  aeabi_sdiv.o(.text)
    .text                                    0x00001034   Section       12  rt_heap_descriptor_intlibspace.o(.text)
    .text                                    0x00001040   Section        0  hguard.o(.text)
    .text                                    0x00001044   Section        0  init_alloc.o(.text)
    .text                                    0x000010cc   Section        0  h1_init.o(.text)
    .text                                    0x000010dc   Section        8  libspace.o(.text)
    .text                                    0x000010e4   Section        0  h1_extend.o(.text)
    .text                                    0x00001116   Section        0  defsig_rtmem_outer.o(.text)
    .text                                    0x00001124   Section        0  heapauxa.o(.text)
    .text                                    0x00001170   Section       62  sys_stackheap_outer.o(.text)
    .text                                    0x000011ae   Section        0  exit.o(.text)
    .text                                    0x000011ba   Section        0  defsig_exit.o(.text)
    .text                                    0x000011c8   Section        0  defsig_rtmem_inner.o(.text)
    .text                                    0x00001214   Section        0  defsig_general.o(.text)
    rt_sys                                   0x00001248   Section        8  rt_sys_s.o(rt_sys)
    .constdata                               0x00001250   Section       12  _monlen.o(.constdata)
    .data                                    0x10000000   Section        4  heapauxa.o(.data)
    __rt_heap_escrow_base                    0x10000000   Data           4  heapauxa.o(.data)
    .bss                                     0x10000004   Section       96  libspace.o(.bss)
    Heap                                     0x10000064   Section        0  rt_sys_s.o(Heap)
    bottom_of_heap                           0x10000064   Data           0  rt_sys_s.o(Heap)

    Global Symbols

    Symbol Name                              Value     Ov Type        Size  Object(Section)

    BuildAttributes$$THM_ISAv3M$S$PE$A:L22$X:L11$S22$IEEE1$IW$USESV6$~STKCKD$USESV7$~SHL$OTIME$ROPI$EBA8$UX$STANDARDLIB$REQ8$PRES8$EABIv2 0x00000000   Number         0  anon$$obj.o ABSOLUTE
    __ARM_use_no_argv                        0x00000000   Number         0  test.o ABSOLUTE
    __GpvVectorTable                         0x00000000   Data         292  vector_table.o(.constdata)
    __ARM_exceptions_init                     - Undefined Weak Reference
    __alloca_initialize                       - Undefined Weak Reference
    __cpp_initialize__aeabi_                  - Undefined Weak Reference
    __cxa_finalize                            - Undefined Weak Reference
    __rt_locale                               - Undefined Weak Reference
    __sigvec_lookup                           - Undefined Weak Reference
    __user_heap_extent                        - Undefined Weak Reference
    _atexit_init                              - Undefined Weak Reference
    _call_atexit_fns                          - Undefined Weak Reference
    _clock_init                               - Undefined Weak Reference
    _fp_trap_init                             - Undefined Weak Reference
    _fp_trap_shutdown                         - Undefined Weak Reference
    _get_lc_collate                           - Undefined Weak Reference
    _get_lc_ctype                             - Undefined Weak Reference
    _get_lc_monetary                          - Undefined Weak Reference
    _get_lc_numeric                           - Undefined Weak Reference
    _get_lc_time                              - Undefined Weak Reference
    _getenv_init                              - Undefined Weak Reference
    _handle_redirection                       - Undefined Weak Reference
    _initio                                   - Undefined Weak Reference
    _mutex_acquire                            - Undefined Weak Reference
    _mutex_free                               - Undefined Weak Reference
    _mutex_release                            - Undefined Weak Reference
    _rand_init                                - Undefined Weak Reference
    _signal_finish                            - Undefined Weak Reference
    _signal_init                              - Undefined Weak Reference
    _terminateio                              - Undefined Weak Reference
    __main                                   0x00000401   Thumb Code     8  __main.o(!!!main)
    __scatterload                            0x00000409   Thumb Code     0  __scatter.o(!!!scatter)
    __scatterload_rt2                        0x00000409   Thumb Code    52  __scatter.o(!!!scatter)
    __scatterload_rt2_thumb_only             0x00000409   Thumb Code     0  __scatter.o(!!!scatter)
    __scatterload_null                       0x00000419   Thumb Code     0  __scatter.o(!!!scatter)
    __scatterload_copy                       0x00000445   Thumb Code    26  __scatter_copy.o(!!handler_copy)
    __scatterload_zeroinit                   0x00000461   Thumb Code    28  __scatter_zi.o(!!handler_zi)
    __rt_lib_init                            0x0000047d   Thumb Code     0  libinit.o(.ARM.Collect$$libinit$$00000000)
    __rt_lib_init_heap_2                     0x00000483   Thumb Code     0  libinit2.o(.ARM.Collect$$libinit$$00000001)
    __rt_lib_init_alloca_1                   0x0000048b   Thumb Code     0  libinit2.o(.ARM.Collect$$libinit$$0000002A)
    __rt_lib_init_argv_1                     0x0000048b   Thumb Code     0  libinit2.o(.ARM.Collect$$libinit$$00000028)
    __rt_lib_init_atexit_1                   0x0000048b   Thumb Code     0  libinit2.o(.ARM.Collect$$libinit$$00000017)
    __rt_lib_init_clock_1                    0x0000048b   Thumb Code     0  libinit2.o(.ARM.Collect$$libinit$$0000001D)
    __rt_lib_init_cpp_1                      0x0000048b   Thumb Code     0  libinit2.o(.ARM.Collect$$libinit$$0000002E)
    __rt_lib_init_exceptions_1               0x0000048b   Thumb Code     0  libinit2.o(.ARM.Collect$$libinit$$0000002C)
    __rt_lib_init_fp_trap_1                  0x0000048b   Thumb Code     0  libinit2.o(.ARM.Collect$$libinit$$0000001B)
    __rt_lib_init_getenv_1                   0x0000048b   Thumb Code     0  libinit2.o(.ARM.Collect$$libinit$$0000001F)
    __rt_lib_init_heap_1                     0x0000048b   Thumb Code     0  libinit2.o(.ARM.Collect$$libinit$$00000006)
    __rt_lib_init_lc_collate_1               0x0000048b   Thumb Code     0  libinit2.o(.ARM.Collect$$libinit$$0000000D)
    __rt_lib_init_lc_ctype_1                 0x0000048b   Thumb Code     0  libinit2.o(.ARM.Collect$$libinit$$0000000F)
    __rt_lib_init_lc_monetary_1              0x0000048b   Thumb Code     0  libinit2.o(.ARM.Collect$$libinit$$00000011)
    __rt_lib_init_lc_numeric_1               0x0000048b   Thumb Code     0  libinit2.o(.ARM.Collect$$libinit$$00000013)
    __rt_lib_init_lc_time_1                  0x0000048b   Thumb Code     0  libinit2.o(.ARM.Collect$$libinit$$00000015)
    __rt_lib_init_rand_1                     0x0000048b   Thumb Code     0  libinit2.o(.ARM.Collect$$libinit$$0000000A)
    __rt_lib_init_return                     0x0000048b   Thumb Code     0  libinit2.o(.ARM.Collect$$libinit$$0000002F)
    __rt_lib_init_signal_1                   0x0000048b   Thumb Code     0  libinit2.o(.ARM.Collect$$libinit$$00000019)
    __rt_lib_init_stdio_1                    0x0000048b   Thumb Code     0  libinit2.o(.ARM.Collect$$libinit$$00000021)
    __rt_lib_init_user_alloc_1               0x0000048b   Thumb Code     0  libinit2.o(.ARM.Collect$$libinit$$00000008)
    __rt_lib_shutdown                        0x0000048d   Thumb Code     0  libshutdown.o(.ARM.Collect$$libshutdown$$00000000)
    __rt_lib_shutdown_fp_trap_1              0x0000048f   Thumb Code     0  libshutdown2.o(.ARM.Collect$$libshutdown$$00000006)
    __rt_lib_shutdown_heap_1                 0x0000048f   Thumb Code     0  libshutdown2.o(.ARM.Collect$$libshutdown$$0000000E)
    __rt_lib_shutdown_return                 0x0000048f   Thumb Code     0  libshutdown2.o(.ARM.Collect$$libshutdown$$0000000F)
    __rt_lib_shutdown_signal_1               0x0000048f   Thumb Code     0  libshutdown2.o(.ARM.Collect$$libshutdown$$00000009)
    __rt_lib_shutdown_stdio_1                0x0000048f   Thumb Code     0  libshutdown2.o(.ARM.Collect$$libshutdown$$00000003)
    __rt_lib_shutdown_user_alloc_1           0x0000048f   Thumb Code     0  libshutdown2.o(.ARM.Collect$$libshutdown$$0000000B)
    __rt_entry                               0x00000491   Thumb Code     0  rtentry.o(.ARM.Collect$$rtentry$$00000000)
    __rt_entry_presh_1                       0x00000491   Thumb Code     0  rtentry2.o(.ARM.Collect$$rtentry$$00000002)
    __rt_entry_sh                            0x00000491   Thumb Code     0  rtentry4.o(.ARM.Collect$$rtentry$$00000004)
    __rt_entry_li                            0x00000497   Thumb Code     0  rtentry2.o(.ARM.Collect$$rtentry$$0000000A)
    __rt_entry_postsh_1                      0x00000497   Thumb Code     0  rtentry2.o(.ARM.Collect$$rtentry$$00000009)
    __rt_entry_main                          0x0000049b   Thumb Code     0  rtentry2.o(.ARM.Collect$$rtentry$$0000000D)
    __rt_entry_postli_1                      0x0000049b   Thumb Code     0  rtentry2.o(.ARM.Collect$$rtentry$$0000000C)
    __rt_exit                                0x000004a3   Thumb Code     0  rtexit.o(.ARM.Collect$$rtexit$$00000000)
    __rt_exit_ls                             0x000004a5   Thumb Code     0  rtexit2.o(.ARM.Collect$$rtexit$$00000003)
    __rt_exit_prels_1                        0x000004a5   Thumb Code     0  rtexit2.o(.ARM.Collect$$rtexit$$00000002)
    __rt_exit_exit                           0x000004a9   Thumb Code     0  rtexit2.o(.ARM.Collect$$rtexit$$00000004)
    zyIrqDisable                             0x000004b1   Thumb Code     6  zy_if.o(.emb_text)
    zyIrqEnable                              0x000004b7   Thumb Code     6  zy_if.o(.emb_text)
    _maybe_terminate_alloc                   0x000004bd   Thumb Code     0  maybetermalloc1.o(.emb_text)
    penDetectTest                            0x000004bd   Thumb Code    84  test.o(.text)
    main                                     0x00000511   Thumb Code    84  test.o(.text)
    myDelay                                  0x0000057d   Thumb Code    26  mcu.o(.text)
    onLight500                               0x00000597   Thumb Code    58  mcu.o(.text)
    ADCInit                                  0x000005d1   Thumb Code    58  mcu.o(.text)
    uartInit                                 0x0000060b   Thumb Code   144  mcu.o(.text)
    uartRecvByte                             0x0000069b   Thumb Code    20  mcu.o(.text)
    uartRecvStr                              0x000006af   Thumb Code    28  mcu.o(.text)
    sleep                                    0x000006cb   Thumb Code    26  mcu.o(.text)
    active                                   0x000006e5   Thumb Code    26  mcu.o(.text)
    reset                                    0x000006ff   Thumb Code    46  mcu.o(.text)
    walTopInit                               0x0000072d   Thumb Code    12  mcu.o(.text)
    pinInit                                  0x00000769   Thumb Code   150  LPC1100PinCfg.o(.text)
    defaultVectorHandle                      0x00000805   Thumb Code     4  target.o(.text)
    targetInit                               0x00000809   Thumb Code   190  target.o(.text)
    zyIfInit                                 0x000008d9   Thumb Code     4  zy_if.o(.text)
    zyReset                                  0x000008dd   Thumb Code    26  zy_if.o(.text)
    zyHeapMalloc                             0x000008f7   Thumb Code    26  zy_if.o(.text)
    zyHeapFree                               0x00000911   Thumb Code    22  zy_if.o(.text)
    zyIsrSet                                 0x00000927   Thumb Code   272  zy_if.o(.text)
    zyIsrClr                                 0x00000a37   Thumb Code   190  zy_if.o(.text)
    zyIsrDisable                             0x00000af5   Thumb Code   132  zy_if.o(.text)
    zyIsrEnable                              0x00000b79   Thumb Code   120  zy_if.o(.text)
    _sys_exit                                0x00000c01   Thumb Code     4  rt_sys_c.o(.text)
    _ttywrch                                 0x00000c05   Thumb Code     2  rt_sys_c.o(.text)
    _sys_open                                0x00000c07   Thumb Code     8  rt_sys_c.o(.text)
    _sys_close                               0x00000c0f   Thumb Code     8  rt_sys_c.o(.text)
    _sys_read                                0x00000c17   Thumb Code    10  rt_sys_c.o(.text)
    _sys_write                               0x00000c21   Thumb Code    10  rt_sys_c.o(.text)
    _sys_ensure                              0x00000c2b   Thumb Code     6  rt_sys_c.o(.text)
    _sys_flen                                0x00000c31   Thumb Code     8  rt_sys_c.o(.text)
    _sys_seek                                0x00000c39   Thumb Code     8  rt_sys_c.o(.text)
    _sys_istty                               0x00000c41   Thumb Code     8  rt_sys_c.o(.text)
    _sys_tmpnam                              0x00000c49   Thumb Code     6  rt_sys_c.o(.text)
    _sys_command_string                      0x00000c4f   Thumb Code     6  rt_sys_c.o(.text)
    clock                                    0x00000c55   Thumb Code     4  rt_sys_c.o(.text)
    time                                     0x00000c59   Thumb Code    26  rt_sys_c.o(.text)
    remove                                   0x00000c73   Thumb Code     8  rt_sys_c.o(.text)
    rename                                   0x00000c7b   Thumb Code     8  rt_sys_c.o(.text)
    system                                   0x00000c83   Thumb Code     6  rt_sys_c.o(.text)
    __semihosting$guard                      0x00000c89   Thumb Code     0  use_no_semi.o(.text)
    __use_no_semihosting_swi                 0x00000c89   Thumb Code     2  use_no_semi.o(.text)
    malloc                                   0x00000c8b   Thumb Code   102  h1_alloc.o(.text)
    free                                     0x00000cf1   Thumb Code    76  h1_free.o(.text)
    mktime                                   0x00000d77   Thumb Code   340  mktime.o(.text)
    __aeabi_uidiv                            0x00000ed9   Thumb Code     0  aeabi_sdiv.o(.text)
    __aeabi_uidivmod                         0x00000ed9   Thumb Code    20  aeabi_sdiv.o(.text)
    __aeabi_idiv                             0x00000eed   Thumb Code     0  aeabi_sdiv.o(.text)
    __aeabi_idivmod                          0x00000eed   Thumb Code   326  aeabi_sdiv.o(.text)
    __rt_heap_descriptor                     0x00001035   Thumb Code    12  rt_heap_descriptor_intlibspace.o(.text)
    __use_no_heap                            0x00001041   Thumb Code     2  hguard.o(.text)
    __heap$guard                             0x00001043   Thumb Code     2  hguard.o(.text)
    _terminate_user_alloc                    0x00001045   Thumb Code     2  init_alloc.o(.text)
    _init_user_alloc                         0x00001047   Thumb Code     2  init_alloc.o(.text)
    __Heap_Full                              0x00001049   Thumb Code    32  init_alloc.o(.text)
    __Heap_Broken                            0x00001069   Thumb Code    10  init_alloc.o(.text)
    _init_alloc                              0x00001073   Thumb Code    90  init_alloc.o(.text)
    __Heap_Initialize                        0x000010cd   Thumb Code    10  h1_init.o(.text)
    __Heap_DescSize                          0x000010d7   Thumb Code     4  h1_init.o(.text)
    __user_libspace                          0x000010dd   Thumb Code     8  libspace.o(.text)
    __user_perproc_libspace                  0x000010dd   Thumb Code     0  libspace.o(.text)
    __user_perthread_libspace                0x000010dd   Thumb Code     0  libspace.o(.text)
    __Heap_ProvideMemory                     0x000010e5   Thumb Code    50  h1_extend.o(.text)
    __rt_SIGRTMEM                            0x00001117   Thumb Code    12  defsig_rtmem_outer.o(.text)
    __rt_heap_escrow                         0x00001125   Thumb Code    22  heapauxa.o(.text)
    __rt_heap_expand                         0x0000113b   Thumb Code    48  heapauxa.o(.text)
    __user_setup_stackheap                   0x00001171   Thumb Code    62  sys_stackheap_outer.o(.text)
    exit                                     0x000011af   Thumb Code    12  exit.o(.text)
    __sig_exit                               0x000011bb   Thumb Code    12  defsig_exit.o(.text)
    __rt_SIGRTMEM_inner                      0x000011c9   Thumb Code    20  defsig_rtmem_inner.o(.text)
    __default_signal_display                 0x00001215   Thumb Code    52  defsig_general.o(.text)
    __user_initial_stackheap                 0x00001249   Thumb Code     0  rt_sys_s.o(rt_sys)
    _monlen                                  0x00001250   Data          12  _monlen.o(.constdata)
    Region$$Table$$Base                      0x0000125c   Number         0  anon$$obj.o(Region$$Table)
    Region$$Table$$Limit                     0x0000127c   Number         0  anon$$obj.o(Region$$Table)
    __libspace_start                         0x10000004   Data          96  libspace.o(.bss)
    __temporary_stack_top$libspace           0x10000064   Data           0  libspace.o(.bss)



==============================================================================

Memory Map of the image

  Image Entry point : 0x00000401

  Load Region ROM_LOAD (Base: 0x00000000, Size: 0x00001280, Max: 0xffffffff, ABSOLUTE)

    Execution Region VECTOR (Base: 0x00000000, Size: 0x00000124, Max: 0xffffffff, ABSOLUTE)

    Base Addr    Size         Type   Attr      Idx    E Section Name        Object

    0x00000000   0x00000124   Data   RO          111    .constdata          vector_table.o


    Execution Region ROM_EXEC (Base: 0x00000400, Size: 0x00000e7c, Max: 0xffffffff, ABSOLUTE, FIXED)

    Base Addr    Size         Type   Attr      Idx    E Section Name        Object

    0x00000400   0x00000008   Code   RO          266  * !!!main             __main.o(c_p.l)
    0x00000408   0x0000003c   Code   RO          480    !!!scatter          __scatter.o(c_p.l)
    0x00000444   0x0000001a   Code   RO          482    !!handler_copy      __scatter_copy.o(c_p.l)
    0x0000045e   0x00000002   PAD
    0x00000460   0x0000001c   Code   RO          484    !!handler_zi        __scatter_zi.o(c_p.l)
    0x0000047c   0x00000006   Code   RO          420    .ARM.Collect$$libinit$$00000000  libinit.o(c_p.l)
    0x00000482   0x00000008   Code   RO          308    .ARM.Collect$$libinit$$00000001  libinit2.o(c_p.l)
    0x0000048a   0x00000000   Code   RO          310    .ARM.Collect$$libinit$$00000006  libinit2.o(c_p.l)
    0x0000048a   0x00000000   Code   RO          312    .ARM.Collect$$libinit$$00000008  libinit2.o(c_p.l)
    0x0000048a   0x00000000   Code   RO          314    .ARM.Collect$$libinit$$0000000A  libinit2.o(c_p.l)
    0x0000048a   0x00000000   Code   RO          317    .ARM.Collect$$libinit$$0000000D  libinit2.o(c_p.l)
    0x0000048a   0x00000000   Code   RO          319    .ARM.Collect$$libinit$$0000000F  libinit2.o(c_p.l)
    0x0000048a   0x00000000   Code   RO          321    .ARM.Collect$$libinit$$00000011  libinit2.o(c_p.l)
    0x0000048a   0x00000000   Code   RO          323    .ARM.Collect$$libinit$$00000013  libinit2.o(c_p.l)
    0x0000048a   0x00000000   Code   RO          325    .ARM.Collect$$libinit$$00000015  libinit2.o(c_p.l)
    0x0000048a   0x00000000   Code   RO          327    .ARM.Collect$$libinit$$00000017  libinit2.o(c_p.l)
    0x0000048a   0x00000000   Code   RO          329    .ARM.Collect$$libinit$$00000019  libinit2.o(c_p.l)
    0x0000048a   0x00000000   Code   RO          331    .ARM.Collect$$libinit$$0000001B  libinit2.o(c_p.l)
    0x0000048a   0x00000000   Code   RO          333    .ARM.Collect$$libinit$$0000001D  libinit2.o(c_p.l)
    0x0000048a   0x00000000   Code   RO          335    .ARM.Collect$$libinit$$0000001F  libinit2.o(c_p.l)
    0x0000048a   0x00000000   Code   RO          337    .ARM.Collect$$libinit$$00000021  libinit2.o(c_p.l)
    0x0000048a   0x00000000   Code   RO          341    .ARM.Collect$$libinit$$00000028  libinit2.o(c_p.l)
    0x0000048a   0x00000000   Code   RO          343    .ARM.Collect$$libinit$$0000002A  libinit2.o(c_p.l)
    0x0000048a   0x00000000   Code   RO          345    .ARM.Collect$$libinit$$0000002C  libinit2.o(c_p.l)
    0x0000048a   0x00000000   Code   RO          347    .ARM.Collect$$libinit$$0000002E  libinit2.o(c_p.l)
    0x0000048a   0x00000002   Code   RO          348    .ARM.Collect$$libinit$$0000002F  libinit2.o(c_p.l)
    0x0000048c   0x00000002   Code   RO          477    .ARM.Collect$$libshutdown$$00000000  libshutdown.o(c_p.l)
    0x0000048e   0x00000000   Code   RO          436    .ARM.Collect$$libshutdown$$00000003  libshutdown2.o(c_p.l)
    0x0000048e   0x00000000   Code   RO          439    .ARM.Collect$$libshutdown$$00000006  libshutdown2.o(c_p.l)
    0x0000048e   0x00000000   Code   RO          442    .ARM.Collect$$libshutdown$$00000009  libshutdown2.o(c_p.l)
    0x0000048e   0x00000000   Code   RO          444    .ARM.Collect$$libshutdown$$0000000B  libshutdown2.o(c_p.l)
    0x0000048e   0x00000000   Code   RO          447    .ARM.Collect$$libshutdown$$0000000E  libshutdown2.o(c_p.l)
    0x0000048e   0x00000002   Code   RO          448    .ARM.Collect$$libshutdown$$0000000F  libshutdown2.o(c_p.l)
    0x00000490   0x00000000   Code   RO          270    .ARM.Collect$$rtentry$$00000000  rtentry.o(c_p.l)
    0x00000490   0x00000000   Code   RO          353    .ARM.Collect$$rtentry$$00000002  rtentry2.o(c_p.l)
    0x00000490   0x00000006   Code   RO          368    .ARM.Collect$$rtentry$$00000004  rtentry4.o(c_p.l)
    0x00000496   0x00000000   Code   RO          355    .ARM.Collect$$rtentry$$00000009  rtentry2.o(c_p.l)
    0x00000496   0x00000004   Code   RO          356    .ARM.Collect$$rtentry$$0000000A  rtentry2.o(c_p.l)
    0x0000049a   0x00000000   Code   RO          358    .ARM.Collect$$rtentry$$0000000C  rtentry2.o(c_p.l)
    0x0000049a   0x00000008   Code   RO          359    .ARM.Collect$$rtentry$$0000000D  rtentry2.o(c_p.l)
    0x000004a2   0x00000002   Code   RO          422    .ARM.Collect$$rtexit$$00000000  rtexit.o(c_p.l)
    0x000004a4   0x00000000   Code   RO          452    .ARM.Collect$$rtexit$$00000002  rtexit2.o(c_p.l)
    0x000004a4   0x00000004   Code   RO          453    .ARM.Collect$$rtexit$$00000003  rtexit2.o(c_p.l)
    0x000004a8   0x00000006   Code   RO          454    .ARM.Collect$$rtexit$$00000004  rtexit2.o(c_p.l)
    0x000004ae   0x00000002   PAD
    0x000004b0   0x0000000c   Code   RO          123    .emb_text           zy_if.o
    0x000004bc   0x00000000   Code   RO          374    .emb_text           maybetermalloc1.o(c_p.l)
    0x000004bc   0x000000c0   Code   RO            2    .text               test.o
    0x0000057c   0x000001ec   Code   RO           60    .text               mcu.o
    0x00000768   0x0000009c   Code   RO           72    .text               LPC1100PinCfg.o
    0x00000804   0x000000d4   Code   RO           98    .text               target.o
    0x000008d8   0x00000328   Code   RO          124    .text               zy_if.o
    0x00000c00   0x00000088   Code   RO          161    .text               rt_sys_c.o
    0x00000c88   0x00000002   Code   RO          200    .text               use_no_semi.o(c_p.l)
    0x00000c8a   0x00000066   Code   RO          206    .text               h1_alloc.o(c_p.l)
    0x00000cf0   0x0000004c   Code   RO          208    .text               h1_free.o(c_p.l)
    0x00000d3c   0x0000019c   Code   RO          260    .text               mktime.o(c_p.l)
    0x00000ed8   0x0000015a   Code   RO          262    .text               aeabi_sdiv.o(c_p.l)
    0x00001032   0x00000002   PAD
    0x00001034   0x0000000c   Code   RO          279    .text               rt_heap_descriptor_intlibspace.o(c_p.l)
    0x00001040   0x00000004   Code   RO          281    .text               hguard.o(c_p.l)
    0x00001044   0x00000088   Code   RO          283    .text               init_alloc.o(c_p.l)
    0x000010cc   0x0000000e   Code   RO          287    .text               h1_init.o(c_p.l)
    0x000010da   0x00000002   PAD
    0x000010dc   0x00000008   Code   RO          349    .text               libspace.o(c_p.l)
    0x000010e4   0x00000032   Code   RO          378    .text               h1_extend.o(c_p.l)
    0x00001116   0x0000000c   Code   RO          382    .text               defsig_rtmem_outer.o(c_p.l)
    0x00001122   0x00000002   PAD
    0x00001124   0x0000004c   Code   RO          386    .text               heapauxa.o(c_p.l)
    0x00001170   0x0000003e   Code   RO          393    .text               sys_stackheap_outer.o(c_p.l)
    0x000011ae   0x0000000c   Code   RO          400    .text               exit.o(c_p.l)
    0x000011ba   0x0000000c   Code   RO          402    .text               defsig_exit.o(c_p.l)
    0x000011c6   0x00000002   PAD
    0x000011c8   0x0000004c   Code   RO          408    .text               defsig_rtmem_inner.o(c_p.l)
    0x00001214   0x00000034   Code   RO          430    .text               defsig_general.o(c_p.l)
    0x00001248   0x00000008   Code   RO          194    rt_sys              rt_sys_s.o
    0x00001250   0x0000000c   Data   RO          305    .constdata          _monlen.o(c_p.l)
    0x0000125c   0x00000020   Data   RO          478    Region$$Table       anon$$obj.o


    Execution Region SRAM (Base: 0x10000000, Size: 0x00000064, Max: 0xffffffff, ABSOLUTE)

    Base Addr    Size         Type   Attr      Idx    E Section Name        Object

    0x10000000   0x00000004   Data   RW          387    .data               heapauxa.o(c_p.l)
    0x10000004   0x00000060   Zero   RW          350    .bss                libspace.o(c_p.l)


    Execution Region HEAP (Base: 0x10000064, Size: 0x00000000, Max: 0xffffffff, ABSOLUTE, UNINIT)

    Base Addr    Size         Type   Attr      Idx    E Section Name        Object

    0x10000064   0x00000000   Zero   RW          195    Heap                rt_sys_s.o


    Execution Region SRAMEND (Base: 0x10002000, Size: 0x00000000, Max: 0x00000000, ABSOLUTE, UNINIT)

    Base Addr    Size         Type   Attr      Idx    E Section Name        Object

    0x10002000   0x00000000   Zero   RW            1    SRAMEND.bss         anon$$obj.o


==============================================================================

Image component sizes


      Code (inc. data)   RO Data    RW Data    ZI Data      Debug   Object Name

       156          6          0          0          0       1082   LPC1100PinCfg.o
       492         48          0          0          0       1765   mcu.o
       136          0          0          0          0       5209   rt_sys_c.o
         8          4          0          0          0        180   rt_sys_s.o
       212         18          0          0          0        765   target.o
       192         24          0          0          0       2669   test.o
         0          0        292          0          0        455   vector_table.o
       820         16          0          0          0       4042   zy_if.o

    ----------------------------------------------------------------------
      2016        116        324          0          0      16167   Object Totals
         0          0         32          0          0          0   (incl. Generated)
         0          0          0          0          0          1   (incl. Padding)

    ----------------------------------------------------------------------

      Code (inc. data)   RO Data    RW Data    ZI Data      Debug   Library Member Name

         8          0          0          0          0         68   __main.o
        60          8          0          0          0          0   __scatter.o
        26          0          0          0          0          0   __scatter_copy.o
        28          0          0          0          0          0   __scatter_zi.o
         0          0         12          0          0          0   _monlen.o
       346          0          0          0          0         92   aeabi_sdiv.o
        12          0          0          0          0         68   defsig_exit.o
        52          0          0          0          0         72   defsig_general.o
        76         56          0          0          0         68   defsig_rtmem_inner.o
        12          0          0          0          0         68   defsig_rtmem_outer.o
        12          0          0          0          0         60   exit.o
       102          0          0          0          0         72   h1_alloc.o
        50          0          0          0          0         68   h1_extend.o
        76          0          0          0          0         72   h1_free.o
        14          0          0          0          0         76   h1_init.o
        76          6          0          4          0         88   heapauxa.o
         4          0          0          0          0        116   hguard.o
       136          0          0          0          0        152   init_alloc.o
         6          0          0          0          0          0   libinit.o
        10          0          0          0          0          0   libinit2.o
         2          0          0          0          0          0   libshutdown.o
         2          0          0          0          0          0   libshutdown2.o
         8          4          0          0         96         68   libspace.o
         0          0          0          0          0         68   maybetermalloc1.o
       412         14          0          0          0        108   mktime.o
        12          6          0          0          0         68   rt_heap_descriptor_intlibspace.o
         0          0          0          0          0          0   rtentry.o
        12          0          0          0          0          0   rtentry2.o
         6          0          0          0          0          0   rtentry4.o
         2          0          0          0          0          0   rtexit.o
        10          0          0          0          0          0   rtexit2.o
        62          0          0          0          0         80   sys_stackheap_outer.o
         2          0          0          0          0         68   use_no_semi.o

    ----------------------------------------------------------------------
      1648         94         12          4         96       1600   Library Totals
        12          0          0          0          0          0   (incl. Padding)

    ----------------------------------------------------------------------

      Code (inc. data)   RO Data    RW Data    ZI Data      Debug   Library Name

      1636         94         12          4         96       1600   c_p.l

    ----------------------------------------------------------------------
      1648         94         12          4         96       1600   Library Totals

    ----------------------------------------------------------------------

==============================================================================


      Code (inc. data)   RO Data    RW Data    ZI Data      Debug   

      3664        210        336          4         96      16604   Grand Totals
      3664        210        336          4         96      16604   ELF Image Totals
      3664        210        336          4          0          0   ROM Totals

==============================================================================

    Total RO  Size (Code + RO Data)                 4000 (   3.91kB)
    Total RW  Size (RW Data + ZI Data)               100 (   0.10kB)
    Total ROM Size (Code + RO Data + RW Data)       4004 (   3.91kB)

==============================================================================

